[INFO] Scanning for projects...
[INFO] 
[INFO] --------< com.management:event-driven-order-management-system >---------
[INFO] Building event-driven-order-management-system 0.0.1-SNAPSHOT
[INFO]   from pom.xml
[INFO] --------------------------------[ jar ]---------------------------------
[INFO] 
[INFO] --- resources:3.3.1:resources (default-resources) @ event-driven-order-management-system ---
[INFO] Copying 1 resource from src\main\resources to target\classes
[INFO] Copying 8 resources from src\main\resources to target\classes
[INFO] 
[INFO] --- compiler:3.14.1:compile (default-compile) @ event-driven-order-management-system ---
[INFO] Nothing to compile - all classes are up to date.
[INFO] 
[INFO] --- resources:3.3.1:testResources (default-testResources) @ event-driven-order-management-system ---
[INFO] Copying 4 resources from src\test\resources to target\test-classes
[INFO] 
[INFO] --- compiler:3.14.1:testCompile (default-testCompile) @ event-driven-order-management-system ---
[INFO] Recompiling the module because of changed source code.
[INFO] Compiling 34 source files with javac [debug parameters release 21] to target\test-classes
[INFO] /C:/Users/camil/IdeaProjects/event-driven-order-management-system/src/test/java/com/management/eventdrivenordermanagementsystem/observability/integration/InternalOperationalEndpointsIntegrationTest.java: Some input files use unchecked or unsafe operations.
[INFO] /C:/Users/camil/IdeaProjects/event-driven-order-management-system/src/test/java/com/management/eventdrivenordermanagementsystem/observability/integration/InternalOperationalEndpointsIntegrationTest.java: Recompile with -Xlint:unchecked for details.
[INFO] 
[INFO] --- surefire:3.5.5:test (default-test) @ event-driven-order-management-system ---
[INFO] Using auto detected provider org.apache.maven.surefire.junitplatform.JUnitPlatformProvider
[INFO] 
[INFO] -------------------------------------------------------
[INFO]  T E S T S
[INFO] -------------------------------------------------------
[INFO] Running com.management.eventdrivenordermanagementsystem.inventory.application.ProcessInventoryReservationRequestedUseCaseTest
Mockito is currently self-attaching to enable the inline-mock-maker. This will no longer work in future releases of the JDK. Please add Mockito as an agent to your build as described in Mockito's documentation: https://javadoc.io/doc/org.mockito/mockito-core/latest/org.mockito/org/mockito/Mockito.html#0.3
Java HotSpot(TM) 64-Bit Server VM warning: Sharing is only supported for boot loader classes because bootstrap classpath has been appended
WARNING: A Java agent has been loaded dynamically (C:\Users\camil\.m2\repository\net\bytebuddy\byte-buddy-agent\1.17.8\byte-buddy-agent-1.17.8.jar)
WARNING: If a serviceability tool is in use, please run with -XX:+EnableDynamicAgentLoading to hide this warning
WARNING: If a serviceability tool is not in use, please run with -Djdk.instrument.traceUsage for more information
WARNING: Dynamic loading of agents will be disallowed by default in a future release
[INFO] Tests run: 3, Failures: 0, Errors: 0, Skipped: 0, Time elapsed: 1.127 s -- in com.management.eventdrivenordermanagementsystem.inventory.application.ProcessInventoryReservationRequestedUseCaseTest
[INFO] Running com.management.eventdrivenordermanagementsystem.inventory.integration.InventoryReservationRequestedListenerIntegrationTest
17:59:25.368 [main] INFO org.springframework.boot.test.context.SpringBootTestContextBootstrapper -- Found @SpringBootConfiguration com.management.eventdrivenordermanagementsystem.EventDrivenOrderManagementSystemApplication for test class com.management.eventdrivenordermanagementsystem.inventory.integration.InventoryReservationRequestedListenerIntegrationTest
17:59:25.444 [main] INFO org.springframework.boot.test.context.SpringBootTestContextBootstrapper -- Found @SpringBootConfiguration com.management.eventdrivenordermanagementsystem.EventDrivenOrderManagementSystemApplication for test class com.management.eventdrivenordermanagementsystem.inventory.integration.InventoryReservationRequestedListenerIntegrationTest

  .   ____          _            __ _ _
 /\\ / ___'_ __ _ _(_)_ __  __ _ \ \ \ \
( ( )\___ | '_ | '_| | '_ \/ _` | \ \ \ \
 \\/  ___)| |_)| | | | | || (_| |  ) ) ) )
  '  |____| .__|_| |_|_| |_\__, | / / / /
 =========|_|==============|___/=/_/_/_/

 :: Spring Boot ::                (v4.0.5)

2026-04-04T17:59:25.685-05:00  INFO 2564 --- [           main] ervationRequestedListenerIntegrationTest : Starting InventoryReservationRequestedListenerIntegrationTest using Java 21.0.9 with PID 2564 (started by camil in C:\Users\camil\IdeaProjects\event-driven-order-management-system)
2026-04-04T17:59:25.685-05:00  INFO 2564 --- [           main] ervationRequestedListenerIntegrationTest : No active profile set, falling back to 1 default profile: "default"
2026-04-04T17:59:26.602-05:00  INFO 2564 --- [           main] .s.d.r.c.RepositoryConfigurationDelegate : Bootstrapping Spring Data JPA repositories in DEFAULT mode.
2026-04-04T17:59:26.679-05:00  INFO 2564 --- [           main] .s.d.r.c.RepositoryConfigurationDelegate : Finished Spring Data repository scanning in 70 ms. Found 1 JPA repository interface.
2026-04-04T17:59:27.272-05:00  INFO 2564 --- [           main] org.hibernate.orm.jpa                    : HHH008540: Processing PersistenceUnitInfo [name: default]
2026-04-04T17:59:27.333-05:00  INFO 2564 --- [           main] org.hibernate.orm.core                   : HHH000001: Hibernate ORM core version 7.2.7.Final
2026-04-04T17:59:27.620-05:00  INFO 2564 --- [           main] o.s.o.j.p.SpringPersistenceUnitInfo      : No LoadTimeWeaver setup: ignoring JPA class transformer
2026-04-04T17:59:27.645-05:00  INFO 2564 --- [           main] com.zaxxer.hikari.HikariDataSource       : HikariPool-1 - Starting...
2026-04-04T17:59:27.795-05:00  INFO 2564 --- [           main] com.zaxxer.hikari.pool.HikariPool        : HikariPool-1 - Added connection conn0: url=jdbc:h2:mem:edoms user=SA
2026-04-04T17:59:27.797-05:00  INFO 2564 --- [           main] com.zaxxer.hikari.HikariDataSource       : HikariPool-1 - Start completed.
2026-04-04T17:59:27.841-05:00  INFO 2564 --- [           main] org.hibernate.orm.connections.pooling    : HHH10001005: Database info:
	Database JDBC URL [jdbc:h2:mem:edoms]
	Database driver: H2 JDBC Driver
	Database dialect: H2Dialect
	Database version: 2.4.240
	Default catalog/schema: EDOMS/PUBLIC
	Autocommit mode: undefined/unknown
	Isolation level: READ_COMMITTED [default READ_COMMITTED]
	JDBC fetch size: 100
	Pool: DataSourceConnectionProvider
	Minimum pool size: undefined/unknown
	Maximum pool size: undefined/unknown
2026-04-04T17:59:28.424-05:00  INFO 2564 --- [           main] org.hibernate.orm.core                   : HHH000489: No JTA platform available (set 'hibernate.transaction.jta.platform' to enable JTA platform integration)
2026-04-04T17:59:28.429-05:00  INFO 2564 --- [           main] j.LocalContainerEntityManagerFactoryBean : Initialized JPA EntityManagerFactory for persistence unit 'default'
2026-04-04T17:59:28.795-05:00  INFO 2564 --- [           main] o.s.d.j.r.query.QueryEnhancerFactories   : Hibernate is in classpath; If applicable, HQL parser will be used.
2026-04-04T17:59:29.770-05:00  WARN 2564 --- [           main] JpaBaseConfiguration$JpaWebConfiguration : spring.jpa.open-in-view is enabled by default. Therefore, database queries may be performed during view rendering. Explicitly configure spring.jpa.open-in-view to disable this warning
2026-04-04T17:59:30.973-05:00  INFO 2564 --- [           main] o.s.b.a.e.web.EndpointLinksResolver      : Exposing 1 endpoint beneath base path '/actuator'
2026-04-04T17:59:31.089-05:00  INFO 2564 --- [           main] ervationRequestedListenerIntegrationTest : Started InventoryReservationRequestedListenerIntegrationTest in 5.606 seconds (process running for 7.722)
[INFO] Tests run: 2, Failures: 0, Errors: 0, Skipped: 0, Time elapsed: 6.289 s -- in com.management.eventdrivenordermanagementsystem.inventory.integration.InventoryReservationRequestedListenerIntegrationTest
[INFO] 
[INFO] Results:
[INFO] 
[INFO] Tests run: 5, Failures: 0, Errors: 0, Skipped: 0
[INFO] 
[INFO] ------------------------------------------------------------------------
[INFO] BUILD SUCCESS
[INFO] ------------------------------------------------------------------------
[INFO] Total time:  12.255 s
[INFO] Finished at: 2026-04-04T17:59:31-05:00
[INFO] ------------------------------------------------------------------------
